
> hms-web@0.0.0 start
> ng serve

❯ Building...
✔ Building...
Initial chunk files | Names               |  Raw size
styles.css          | styles              | 377.20 kB |
main.js             | main                |  25.81 kB |
chunk-5CLTXQPS.js   | -                   |   2.29 kB |
chunk-PZ5AY32C.js   | -                   | 234 bytes |

                    | Initial total       | 405.54 kB

Lazy chunk files    | Names               |  Raw size
chunk-NBLFRBTK.js   | dashboard-component |  12.35 kB |
chunk-G3GRIMEM.js   | auth-routes         |  10.73 kB |
chunk-ZFJVPEOT.js   | patient-routes      |  10.20 kB |
chunk-QSYKSPHI.js   | admin-routes        |   8.08 kB |

Application bundle generation complete. [3.373 seconds] - 2026-05-27T01:43:01.056Z

[33m▲ [43;33m[[43;30mWARNING[43;33m][0m [1mDeprecation[0m [1m[35m[plugin angular-sass][0m

    src/styles.scss:1:8:
[37m      1 │ @import [32m[37m"bootstrap/scss/bootstrap";
        ╵         [32m^[0m


  Sass @import rules are deprecated and will be removed in Dart Sass 3.0.0.

  More info and automated migrator: [4mhttps://sass-lang.com/d/import[0m

  The plugin "angular-sass" was triggered by this import

    angular:styles/global:styles:1:8:
[37m      1 │ @import [32m'src/styles.scss'[37m;
        ╵         [32m~~~~~~~~~~~~~~~~~[0m


Watch mode enabled. Watching for file changes...
NOTE: Raw file sizes do not reflect development server per-request transformations.
  ➜  Local:   http://localhost:4200/
